// Jest Snapshot v1, https://goo.gl/fbAQLP

exports[`ListItem module case---> ListItem match snapshot 1`] = `
<BrowserRouter>
  <Router
    history={
      Object {
        "action": "POP",
        "block": [Function],
        "createHref": [Function],
        "go": [Function],
        "goBack": [Function],
        "goForward": [Function],
        "length": 1,
        "listen": [Function],
        "location": Object {
          "hash": "",
          "pathname": "/",
          "search": "",
          "state": undefined,
        },
        "push": [Function],
        "replace": [Function],
      }
    }
  >
    <ListItem
      index={1}
      item={
        Object {
          "body": "body1",
          "id": 1,
          "title": "title1",
          "userId": 1,
        }
      }
      type="home_posts_list"
    >
      <tr>
        <td>
          <span>
            1
            .
          </span>
           
          <span />
          title1
        </td>
        <td>
          <Link
            to="/edit/1"
          >
            <LinkAnchor
              href="/edit/1"
              navigate={[Function]}
            >
              <a
                href="/edit/1"
                onClick={[Function]}
              >
                <Button
                  active={false}
                  className="ml-2"
                  disabled={false}
                  variant="primary"
                >
                  <button
                    className="ml-2 btn btn-primary"
                    disabled={false}
                    type="button"
                  >
                    Edit
                  </button>
                </Button>
              </a>
            </LinkAnchor>
          </Link>
        </td>
      </tr>
    </ListItem>
  </Router>
</BrowserRouter>
`;
